16:15:25       === Central de Materiais · edição edicao · 05/10/2026 16:15:25 ===
16:15:25
16:15:25       1/6 Lendo entradas
16:15:25         usando cache de dados_mensais.xlsx
16:15:26         mercado de crédito CDI: 24 linhas, 7 colunas (aba "spread mensal CDI+")
16:15:26         mercado de crédito IPCA: 12 linhas, 10 colunas (aba "spread mensal IPCA+")
16:15:26       data base: 31/08/2026 (Agosto de 2026)
16:15:26       cadastro: 22 fundos, 21 resolvidos na DePara
16:15:26       comentários: 23 fundos em comentarios.md + comentarios.docx
16:15:26 AVISO [atuarial] não encontrado na DePara (procurei por 'ATUARIAL'). Candidatos: nenhum
16:15:26
16:15:26       2/6 Calculando
16:15:26 AVISO [infraplus] carteira sem data na Base Carteira — os números saem, mas não há como confirmar que a posição é a do mês
16:15:26 AVISO [esplanada] carteira sem data na Base Carteira — os números saem, mas não há como confirmar que a posição é a do mês
16:15:26       20 de 22 fundos com dados nesta edição
16:15:26
16:15:26       3/6 Validando
16:15:26       5 divergências · 10 dados faltantes
16:15:26
16:15:26       4/6 Relatórios de Gestão
16:15:26 AVISO [—] selos sem arquivo local em assets/selos (qr) — saem pela URL do site, e podem não aparecer nas exportações. Ver assets/selos/LEIA-ME.md
16:15:26 AVISO [bvp] logo não encontrado em assets/logos (procurei "tivio_bvp")
16:15:27 AVISO [atuarial] relatório não gerado: sem dados nesta edição
16:15:27         4 bibliotecas copiadas para central/vendor/
16:15:27         5 bibliotecas copiadas para relatorios/vendor/
16:15:27         1 bibliotecas copiadas para relatorios/_fundos/vendor/
16:15:27       Chromium: C:\Program Files\Google\Chrome\Application\chrome.exe
16:15:30       PDF  Tivio Banks - Relatório de Gestão - Agosto 2026.pdf (813 KB)
16:15:33       PPTX Tivio Banks - Relatório de Gestão - Agosto 2026.pptx (1915 KB)
16:15:36       PDF  Tivio Institucional - Relatório de Gestão - Agosto 2026.pdf (819 KB)
16:15:39       PPTX Tivio Institucional - Relatório de Gestão - Agosto 2026.pptx (1922 KB)
16:15:42       PDF  Tivio Institucional 15 - Relatório de Gestão - Agosto 2026.pdf (823 KB)
16:15:45       PPTX Tivio Institucional 15 - Relatório de Gestão - Agosto 2026.pptx (1940 KB)
16:15:48       PDF  Tivio Institucional 30 - Relatório de Gestão - Agosto 2026.pdf (819 KB)
16:15:50       PPTX Tivio Institucional 30 - Relatório de Gestão - Agosto 2026.pptx (1917 KB)
16:15:53       PDF  Tivio Infra Plus - Relatório de Gestão - Agosto 2026.pdf (791 KB)
16:15:56       PPTX Tivio Infra Plus - Relatório de Gestão - Agosto 2026.pptx (1900 KB)
16:15:58       PDF  Tivio BVP - Relatório de Gestão - Agosto 2026.pdf (802 KB)
16:16:01       PPTX Tivio BVP - Relatório de Gestão - Agosto 2026.pptx (1895 KB)
16:16:04       PDF  Tivio RF CP - Relatório de Gestão - Agosto 2026.pdf (812 KB)
16:16:07       PPTX Tivio RF CP - Relatório de Gestão - Agosto 2026.pptx (1913 KB)
16:16:09       PDF  Tivio ALT 180 - Relatório de Gestão - Agosto 2026.pdf (604 KB)
16:16:11       PPTX Tivio ALT 180 - Relatório de Gestão - Agosto 2026.pptx (288 KB)
16:16:13       PDF  Tivio ALT 90 - Relatório de Gestão - Agosto 2026.pdf (603 KB)
16:16:15       PPTX Tivio ALT 90 - Relatório de Gestão - Agosto 2026.pptx (283 KB)
16:16:17       PDF  Tivio ALT Light - Relatório de Gestão - Agosto 2026.pdf (603 KB)
16:16:19       PPTX Tivio ALT Light - Relatório de Gestão - Agosto 2026.pptx (275 KB)
16:16:21       PDF  Tivio Infra Plus CDI - Relatório de Gestão - Agosto 2026.pdf (811 KB)
16:16:24       PPTX Tivio Infra Plus CDI - Relatório de Gestão - Agosto 2026.pptx (1913 KB)
16:16:26       PDF  Tivio Esplanada - Relatório de Gestão - Agosto 2026.pdf (813 KB)
16:16:29       PPTX Tivio Esplanada - Relatório de Gestão - Agosto 2026.pptx (1921 KB)
16:16:32       PDF  Tivio Legacy Prev - Relatório de Gestão - Agosto 2026.pdf (814 KB)
16:16:35       PPTX Tivio Legacy Prev - Relatório de Gestão - Agosto 2026.pptx (1913 KB)
16:16:35 AVISO [bvp] logo não encontrado em assets/logos (procurei "tivio_bvp")
16:16:35       HTML Relatório de Gestão - Crédito Privado - Agosto 2026.html (3156 KB)
16:16:35       HTML Relatório de Gestão - Crédito Estruturado - Agosto 2026.html (1033 KB)
16:16:35
16:16:35       5/6 Materiais da Central
16:16:35         tivio-construtor-one-pager.html copiado sem atualizar (desligado em configs/edicao.yml)
16:16:35       HTML tivio-construtor-one-pager.html (86 KB)
16:16:35 AVISO [alt180] o texto se refere a "julho" como o mês corrente — a data base é agosto
16:16:37       HTML tivio-email-fundos-credito.html (173 KB)
16:16:37         tivio-email-nordea-studio.html copiado sem atualizar (desligado em configs/edicao.yml)
16:16:37       HTML tivio-email-nordea-studio.html (49 KB)
16:16:37       HTML tivio-post-credito-estruturado.html (112 KB)
16:16:37       HTML tivio-post-credito-privado.html (125 KB)
16:16:37 AVISO [topgestormacro] sem dados — rentabilidade e PL mantidos
16:16:37       HTML tivio-post-investment-solutions.html (103 KB)
16:16:37 AVISO [tivio-central.html] card "Gerador de Relatório de Gestão · Incentivado CDI 30" removido: aponta para "Tivio Incentivado CDI 30 - Relatório de Gestão Mensal.html", que não existe nesta edição
16:16:37       HTML tivio-central.html (64 KB)
16:16:37         4 bibliotecas copiadas para central/vendor/
16:16:37         5 bibliotecas copiadas para relatorios/vendor/
16:16:37         1 bibliotecas copiadas para relatorios/_fundos/vendor/
16:16:55         JPG+PDF  destaques/credito-privado/ (8 páginas)
16:17:08         JPG+PDF  destaques/credito-estruturado/ (6 páginas)
16:17:30         JPG+PDF  destaques/investment-solutions/ (11 páginas)
16:17:30       JPG  destaques (4 KB)
16:17:40         PNG+HTML  emails/agora/ (7 imagens)
16:17:52         PNG+HTML  emails/btg/ (7 imagens)
16:18:07         PNG+HTML  emails/xp/ (8 imagens)
16:18:15         PNG+HTML  emails/quadrado/ (8 imagens)
16:18:15       PNG  emails (4 KB)
16:18:15       HTML index.html (0 KB)
16:18:15
16:18:15       6/6 Conferência e log
16:18:15       XLSX conferencia_2026-08.xlsx (32 KB)
16:18:15
16:18:15       === 39 arquivos · 160 alterações · 10 avisos · 0 erros · 169s ===
